// Jest Snapshot v1, https://goo.gl/fbAQLP

exports[`Hamburger check the snapshot 1`] = `
<DocumentFragment>
  <div
    class="hamburger__Button-sc-5giryv-0 dKTYzt"
  >
    <div
      class="hamburger__Line1-sc-5giryv-1 epDPMR"
    />
    <div
      class="hamburger__Line2-sc-5giryv-2 shOHl"
    />
    <div
      class="hamburger__Line3-sc-5giryv-3 ijQAHE"
    />
  </div>
</DocumentFragment>
`;
